---
source: gengo-bin/tests/test_cli.rs
expression: stdout
---
1 + 2 = 3

